[backblue.gif]
[fade.gif]
[index.html]
[www.w3schools.com/w3css/4/w3.css]
[cdnjs.cloudflare.com/ajax/libs/font-awesome/4.7.0/css/font-awesome.min.css]
[documentcloud.adobe.com/view-sdk/main.js]
[www.territorialtitle.com/images/privacy-policy-trans-120x140.png]
[www.territorialtitle.com/images/logo-trans-219x180.png]
[www.territorialtitle.com/images/ttlv-building-500x266.png]
[www.territorialtitle.com/media/video-poster.jpg]
[www.territorialtitle.com/media/ruth-mares-ttlv-video.mp4]
[www.territorialtitle.com/images/First-Am-184x120.png]
[www.territorialtitle.com/images/FNTIC.png]
[www.territorialtitle.com/images/ChicagoTitle.png]
[www.territorialtitle.com/images/commonwealth.png]
[www.territorialtitle.com/images/cfpb.png]
[www.territorialtitle.com/images/alta-best-practices-150x111.png]
[www.territorialtitle.com/images/homeclosing101.png]
[www.territorialtitle.com/index.html]
[www.w3schools.com/w3css/4/w3.css]
[cdnjs.cloudflare.com/ajax/libs/font-awesome/4.7.0/css/font-awesome.min.css]
